// Jest Snapshot v1, https://goo.gl/fbAQLP

exports[`Simple test. 1`] = `"<div></div>"`;
