// Jest Snapshot v1, https://goo.gl/fbAQLP

exports[`Update value 1`] = `""`;
